#-----------------------------------------------------------
# Vivado v2024.1 (64-bit)
# SW Build 5076996 on Wed May 22 18:37:14 MDT 2024
# IP Build 5075265 on Wed May 22 21:45:21 MDT 2024
# SharedData Build 5076995 on Wed May 22 18:29:18 MDT 2024
# Start of session at: Mon Nov  4 09:18:59 2024
# Process ID: 28116
# Current directory: C:/B_Git/MCS/Drivers/xADC2/vivado/vivado.runs/design_1_rst_ps7_0_100M_0_synth_1
# Command line: vivado.exe -log design_1_rst_ps7_0_100M_0.vds -product Vivado -mode batch -messageDb vivado.pb -notrace -source design_1_rst_ps7_0_100M_0.tcl
# Log file: C:/B_Git/MCS/Drivers/xADC2/vivado/vivado.runs/design_1_rst_ps7_0_100M_0_synth_1/design_1_rst_ps7_0_100M_0.vds
# Journal file: C:/B_Git/MCS/Drivers/xADC2/vivado/vivado.runs/design_1_rst_ps7_0_100M_0_synth_1\vivado.jou
# Running On        :mikkelsPC
# Platform          :Windows Server 2016 or Windows 10
# Operating System  :22631
# Processor Detail  :11th Gen Intel(R) Core(TM) i5-1135G7 @ 2.40GHz
# CPU Frequency     :2419 MHz
# CPU Physical cores:4
# CPU Logical cores :8
# Host memory       :8379 MB
# Swap memory       :25769 MB
# Total Virtual     :34149 MB
# Available Virtual :14301 MB
#-----------------------------------------------------------
source design_1_rst_ps7_0_100M_0.tcl -notrace
