#-----------------------------------------------------------
# Vivado v2024.1 (64-bit)
# SW Build 5076996 on Wed May 22 18:37:14 MDT 2024
# IP Build 5075265 on Wed May 22 21:45:21 MDT 2024
# SharedData Build 5076995 on Wed May 22 18:29:18 MDT 2024
# Start of session at: Thu Oct 17 10:27:08 2024
# Process ID: 6896
# Current directory: C:/B_Git/MCS/MC/MC_Zybo_V1/Vivado
# Command line: vivado.exe -gui_launcher_event rodinguilauncherevent20456 C:\B_Git\MCS\MC\MC_Zybo_V1\Vivado\Vivado.xpr
# Log file: C:/B_Git/MCS/MC/MC_Zybo_V1/Vivado/vivado.log
# Journal file: C:/B_Git/MCS/MC/MC_Zybo_V1/Vivado\vivado.jou
# Running On        :mikkelsPC
# Platform          :Windows Server 2016 or Windows 10
# Operating System  :22631
# Processor Detail  :11th Gen Intel(R) Core(TM) i5-1135G7 @ 2.40GHz
# CPU Frequency     :2419 MHz
# CPU Physical cores:4
# CPU Logical cores :8
# Host memory       :8379 MB
# Swap memory       :25490 MB
# Total Virtual     :33869 MB
# Available Virtual :3967 MB
#-----------------------------------------------------------
start_gui
open_project C:/B_Git/MCS/MC/MC_Zybo_V1/Vivado/Vivado.xpr
