#-----------------------------------------------------------
# Vivado v2023.2 (64-bit)
# SW Build 4029153 on Fri Oct 13 20:14:34 MDT 2023
# IP Build 4028589 on Sat Oct 14 00:45:43 MDT 2023
# SharedData Build 4025554 on Tue Oct 10 17:18:54 MDT 2023
# Start of session at: Thu Sep 19 13:40:36 2024
# Process ID: 7816
# Current directory: C:/Users/Soeren-SDU/Desktop/Software_Zynq-Based_Master_Controller/Old_software/MC_tests/CAN/Vivado
# Command line: vivado.exe -gui_launcher_event rodinguilauncherevent12960 C:\Users\Soeren-SDU\Desktop\Software_Zynq-Based_Master_Controller\Old_software\MC_tests\CAN\Vivado\CAN.xpr
# Log file: C:/Users/Soeren-SDU/Desktop/Software_Zynq-Based_Master_Controller/Old_software/MC_tests/CAN/Vivado/vivado.log
# Journal file: C:/Users/Soeren-SDU/Desktop/Software_Zynq-Based_Master_Controller/Old_software/MC_tests/CAN/Vivado\vivado.jou
# Running On: Soeren-Laptop, OS: Windows, CPU Frequency: 2803 MHz, CPU Physical cores: 4, Host memory: 16969 MB
#-----------------------------------------------------------
start_gui
open_project C:/Users/Soeren-SDU/Desktop/Software_Zynq-Based_Master_Controller/Old_software/MC_tests/CAN/Vivado/CAN.xpr
update_compile_order -fileset sources_1
reset_run impl_1 -prev_step 
launch_runs impl_1 -to_step write_bitstream -jobs 6
wait_on_run impl_1
write_hw_platform -fixed -include_bit -force -file C:/Users/Soeren-SDU/Desktop/Software_Zynq-Based_Master_Controller/Old_software/MC_tests/CAN/Vivado/design_1_wrapper.xsa
