#-----------------------------------------------------------
# Vivado v2023.2 (64-bit)
# SW Build 4029153 on Fri Oct 13 20:14:34 MDT 2023
# IP Build 4028589 on Sat Oct 14 00:45:43 MDT 2023
# SharedData Build 4025554 on Tue Oct 10 17:18:54 MDT 2023
# Start of session at: Thu Sep 19 13:16:08 2024
# Process ID: 6624
# Current directory: C:/Git/GitHub/Software_Zynq-Based_Master_Controller/Old_software/MC_tests/CAN/Vivado/CAN.runs/impl_1
# Command line: vivado.exe -log design_1_wrapper.vdi -applog -product Vivado -messageDb vivado.pb -mode batch -source design_1_wrapper.tcl -notrace
# Log file: C:/Git/GitHub/Software_Zynq-Based_Master_Controller/Old_software/MC_tests/CAN/Vivado/CAN.runs/impl_1/design_1_wrapper.vdi
# Journal file: C:/Git/GitHub/Software_Zynq-Based_Master_Controller/Old_software/MC_tests/CAN/Vivado/CAN.runs/impl_1\vivado.jou
# Running On: Soeren-Laptop, OS: Windows, CPU Frequency: 2803 MHz, CPU Physical cores: 4, Host memory: 16969 MB
#-----------------------------------------------------------
source design_1_wrapper.tcl -notrace
