#-----------------------------------------------------------
# Vivado v2023.2 (64-bit)
# SW Build 4029153 on Fri Oct 13 20:14:34 MDT 2023
# IP Build 4028589 on Sat Oct 14 00:45:43 MDT 2023
# SharedData Build 4025554 on Tue Oct 10 17:18:54 MDT 2023
# Start of session at: Thu Sep 26 13:41:58 2024
# Process ID: 24248
# Current directory: C:/Git/GitHub/MCS/Drivers/INTERRUPT/Vivado
# Command line: vivado.exe -gui_launcher_event rodinguilauncherevent39732 C:\Git\GitHub\MCS\Drivers\INTERRUPT\Vivado\INTERRUPT.xpr
# Log file: C:/Git/GitHub/MCS/Drivers/INTERRUPT/Vivado/vivado.log
# Journal file: C:/Git/GitHub/MCS/Drivers/INTERRUPT/Vivado\vivado.jou
# Running On: Soeren-Laptop, OS: Windows, CPU Frequency: 2803 MHz, CPU Physical cores: 4, Host memory: 16969 MB
#-----------------------------------------------------------
start_gui
open_project C:/Git/GitHub/MCS/Drivers/INTERRUPT/Vivado/INTERRUPT.xpr
update_compile_order -fileset sources_1
open_bd_design {C:/Git/GitHub/MCS/Drivers/INTERRUPT/Vivado/INTERRUPT.srcs/sources_1/bd/design_1/design_1.bd}
startgroup
set_property CONFIG.GPIO_BOARD_INTERFACE {sws_4bits} [get_bd_cells axi_gpio_0]
endgroup
delete_bd_objs [get_bd_intf_nets axi_gpio_0_GPIO] [get_bd_intf_ports btns_4bits]
startgroup
endgroup
startgroup
make_bd_pins_external  [get_bd_cells axi_gpio_0]
make_bd_intf_pins_external  [get_bd_cells axi_gpio_0]
endgroup
delete_bd_objs [get_bd_intf_nets axi_gpio_0_GPIO] [get_bd_intf_ports GPIO_0]
apply_bd_automation -rule xilinx.com:bd_rule:board -config { Board_Interface {sws_4bits ( 4 Switches ) } Manual_Source {Auto}}  [get_bd_intf_pins axi_gpio_0/GPIO]
save_bd_design
reset_run synth_1
reset_run design_1_axi_gpio_0_0_synth_1
launch_runs impl_1 -to_step write_bitstream -jobs 6
wait_on_run impl_1
write_hw_platform -fixed -include_bit -force -file C:/Git/GitHub/MCS/Drivers/INTERRUPT/Vivado/design_1_wrapper.xsa
reset_run synth_1
launch_runs impl_1 -to_step write_bitstream -jobs 6
wait_on_run impl_1
write_hw_platform -fixed -include_bit -force -file C:/Git/GitHub/MCS/Drivers/INTERRUPT/Vivado/design_1_wrapper.xsa
write_hw_platform -fixed -include_bit -force -file C:/Git/GitHub/MCS/Drivers/INTERRUPT/Vivado/design_1_wrapper.xsa
regenerate_bd_layout
open_bd_design {C:/Git/GitHub/MCS/Drivers/INTERRUPT/Vivado/INTERRUPT.srcs/sources_1/bd/design_1/design_1.bd}
