#-----------------------------------------------------------
# Vivado v2024.1 (64-bit)
# SW Build 5076996 on Wed May 22 18:37:14 MDT 2024
# IP Build 5075265 on Wed May 22 21:45:21 MDT 2024
# SharedData Build 5076995 on Wed May 22 18:29:18 MDT 2024
# Start of session at: Thu Nov 21 11:07:59 2024
# Process ID: 26132
# Current directory: C:/Git/GitHub/MCS_driver/MCS/Drivers/FreeRTOS/Timer_intrrupt/Vivado/FreeRTOS_TIMER_INTR.runs/impl_1
# Command line: vivado.exe -log design_1_wrapper.vdi -applog -product Vivado -messageDb vivado.pb -mode batch -source design_1_wrapper.tcl -notrace
# Log file: C:/Git/GitHub/MCS_driver/MCS/Drivers/FreeRTOS/Timer_intrrupt/Vivado/FreeRTOS_TIMER_INTR.runs/impl_1/design_1_wrapper.vdi
# Journal file: C:/Git/GitHub/MCS_driver/MCS/Drivers/FreeRTOS/Timer_intrrupt/Vivado/FreeRTOS_TIMER_INTR.runs/impl_1\vivado.jou
# Running On        :Soeren-Laptop
# Platform          :Windows Server 2016 or Windows 10
# Operating System  :22631
# Processor Detail  :11th Gen Intel(R) Core(TM) i7-1165G7 @ 2.80GHz
# CPU Frequency     :2803 MHz
# CPU Physical cores:4
# CPU Logical cores :8
# Host memory       :16969 MB
# Swap memory       :16106 MB
# Total Virtual     :33075 MB
# Available Virtual :14703 MB
#-----------------------------------------------------------
source design_1_wrapper.tcl -notrace
